
> vkgaming-app@0.1.0 build
> react-scripts build

npm : [baseline-browser-mapping] The data in this module is over two months old
.  To ensure accurate Baseline data, please update: `npm i baseline-browser-map
ping@latest -D`
строка:1 знак:1
+ npm run build > build_output.txt 2>&1; Get-Content build_output.txt | ...
+ ~~~~~~~~~~~~~~~~~~~~~~~~~~~~~~~~~~~~~
    + CategoryInfo          : NotSpecified: ([baseline-brows...ping@latest -D` 
   :String) [], RemoteException
    + FullyQualifiedErrorId : NativeCommandError
 
Creating an optimized production build...
Browserslist: browsers data (caniuse-lite) is 7 months old. Please run:
  npx update-browserslist-db@latest
  Why you should do it regularly: https://github.com/browserslist/update-db#rea
dme
[baseline-browser-mapping] The data in this module is over two months old.  To 
ensure accurate Baseline data, please update: `npm i baseline-browser-mapping@l
atest -D`
Browserslist: browsers data (caniuse-lite) is 7 months old. Please run:
  npx update-browserslist-db@latest
  Why you should do it regularly: https://github.com/browserslist/update-db#rea
dme
Compiled with warnings.

[eslint] 
src\Layout\Layout.js
  Line 29:40:   Expected { after 'if' condition  curly
  Line 74:36:   Expected { after 'if' condition  curly
  Line 110:36:  Expected { after 'if' condition  curly

src\Layout\MainHeader.js
  Line 10:21:  'props' is defined but never used. Allowed unused args must match /res|next|^err|^nlapi|define|^log/u  no-unused-vars

src\UI\LoginBtn\CartButton.js
  Line 12:21:  'props' is defined but never used. Allowed unused args must match /res|next|^err|^nlapi|define|^log/u  no-unused-vars
  Line 25:39:  Expected { after 'if' condition                                                                        curly

src\UI\modalAddGame\modalAddGame.js
  Line 12:12:  'opponent1PrevScore' is assigned a value but never used. Allowed unused vars must match /^log/u  no-unused-vars
  Line 15:12:  'opponent2PrevScore' is assigned a value but never used. Allowed unused vars must match /^log/u  no-unused-vars

src\UI\modalAddTournament\ModalAddTournament.js
  Line 45:11:  'isFormValid' is assigned a value but never used. Allowed unused vars must match /^log/u  no-unused-vars

src\api\api.js
  Line 149:13:  'score' is assigned a value but never used. Allowed unused vars must match /^log/u                         no-unused-vars
  Line 149:36:  'stars' is assigned a value but never used. Allowed unused vars must match /^log/u                         no-unused-vars
  Line 286:44:  'newRating' is defined but never used. Allowed unused args must match /res|next|^err|^nlapi|define|^log/u  no-unused-vars
  Line 505:56:  'game' is defined but never used. Allowed unused args must match /res|next|^err|^nlapi|define|^log/u       no-unused-vars

src\components\Auth\AuthForm.js
  Line 4:10:  'addCoinsToUser' is defined but never used. Allowed unused vars must match /^log/u  no-unused-vars

src\components\DonationLeaderboard\DonationLeaderboard.js
  Line 21:29:  'userId' is assigned a value but never used. Allowed unused vars must match /^log/u  no-unused-vars

src\components\Notification\Notification.js
  Line 19:28:  Expected { after 'if' condition  curly

src\components\Players\Players.js
  Line 4:8:  'Chart' is defined but never used. Allowed unused vars must match /^log/u  no-unused-vars

src\components\SpinningWheel\SpinningWheel.js
  Line 16:27:   'setFadingOpacity' is assigned a value but never used. Allowed unused vars must match /^log/u  no-unused-vars
  Line 31:53:   Expected { after 'if' condition                                                                curly
  Line 34:31:   Expected { after 'if' condition                                                                curly
  Line 36:24:   Expected { after 'if' condition                                                                curly
  Line 219:50:  Expected '!==' and instead saw '!='                                                            eqeqeq
  Line 221:44:  Expected '!==' and instead saw '!='                                                            eqeqeq
  Line 359:15:  'rotationAngle' is assigned a value but never used. Allowed unused vars must match /^log/u     no-unused-vars
  Line 382:19:  'playerRange' is assigned a value but never used. Allowed unused vars must match /^log/u       no-unused-vars

src\components\StatsPopup\StatsPopup.js
  Line 5:17:  Expected { after 'if' condition  curly

src\components\tournaments\homm3\PlayerBracket\PlayerBracket.js
  Line 28:9:    'setPlayoffPairs' is assigned a value but never used. Allowed unused vars must match /^log/u       no-unused-vars
  Line 29:9:    'handleCastleChange' is assigned a value but never used. Allowed unused vars must match /^log/u    no-unused-vars
  Line 30:9:    'handleScoreChange' is assigned a value but never used. Allowed unused vars must match /^log/u     no-unused-vars
  Line 31:9:    'handleBlur' is assigned a value but never used. Allowed unused vars must match /^log/u            no-unused-vars
  Line 32:9:    'handleRadioChange' is assigned a value but never used. Allowed unused vars must match /^log/u     no-unused-vars
  Line 33:9:    'stage' is assigned a value but never used. Allowed unused vars must match /^log/u                 no-unused-vars
  Line 34:9:    'teamIndex' is assigned a value but never used. Allowed unused vars must match /^log/u             no-unused-vars
  Line 35:9:    'getWinner' is assigned a value but never used. Allowed unused vars must match /^log/u             no-unused-vars
  Line 36:9:    'clickedRadioButton' is assigned a value but never used. Allowed unused vars must match /^log/u    no-unused-vars
  Line 37:9:    'playersObj' is assigned a value but never used. Allowed unused vars must match /^log/u            no-unused-vars
  Line 77:12:   'tooltipPos' is assigned a value but never used. Allowed unused vars must match /^log/u            no-unused-vars
  Line 278:56:  'e' is defined but never used. Allowed unused args must match /res|next|^err|^nlapi|define|^log/u  no-unused-vars
  Line 284:56:  'e' is defined but never used. Allowed unused args must match /res|next|^err|^nlapi|define|^log/u  no-unused-vars

src\components\tournaments\homm3\ReportGameModal.js
  Line 875:76:   Expected { after 'if' condition                                                                                                                                                                                                                                                                                                                                           curly
  Line 877:49:   Replace `gameResults.length┬╖===┬╖bestOf┬╖&&┬╖score1┬╖+┬╖score2┬╖<┬╖gameResults.length┬╖-┬╖1)` with `тРНтПО┬╖┬╖┬╖┬╖┬╖┬╖┬╖┬╖┬╖┬╖┬╖┬╖┬╖┬╖┬╖┬╖┬╖┬╖┬╖┬╖┬╖┬╖┬╖┬╖┬╖┬╖┬╖┬╖┬╖┬╖┬╖┬╖┬╖┬╖┬╖┬╖┬╖┬╖┬╖┬╖┬╖┬╖┬╖┬╖┬╖┬╖┬╖┬╖gameResults.length┬╖===┬╖bestOf┬╖&&тРНтПО┬╖┬╖┬╖┬╖┬╖┬╖┬╖┬╖┬╖┬╖┬╖┬╖┬╖┬╖┬╖┬╖┬╖┬╖┬╖┬╖┬╖┬╖┬╖┬╖┬╖┬╖┬╖┬╖┬╖┬╖┬╖┬╖┬╖┬╖┬╖┬╖┬╖┬╖┬╖┬╖┬╖┬╖┬╖┬╖┬╖┬╖┬╖┬╖score1┬╖+┬╖score2┬╖<┬╖gameResults.length┬╖-┬╖1тРНтПО┬╖┬╖┬╖┬╖┬╖┬╖┬╖┬╖┬╖┬╖┬╖┬╖┬╖┬╖┬╖┬╖┬╖┬╖┬╖┬╖┬╖┬╖┬╖┬╖┬╖┬╖┬╖┬╖┬╖┬╖┬╖┬╖┬╖┬╖┬╖┬╖┬╖┬╖┬╖┬╖┬╖┬╖┬╖┬╖)тРНтПО┬╖┬╖┬╖┬╖┬╖┬╖┬╖┬╖┬╖┬╖┬╖┬╖┬╖┬╖┬╖┬╖┬╖┬╖┬╖┬╖┬╖┬╖┬╖┬╖┬╖┬╖┬╖┬╖┬╖┬╖┬╖┬╖┬╖┬╖┬╖┬╖┬╖┬╖┬╖┬╖┬╖┬╖┬╖┬╖┬╖┬╖┬╖`  prettier/prettier
  Line 877:124:  Expected { after 'if' condition                                                                                                                                                                                                                                                                                                                                           curly
  Line 879:121:  Insert `тРНтПО┬╖┬╖┬╖┬╖┬╖┬╖┬╖┬╖┬╖┬╖┬╖┬╖┬╖┬╖┬╖┬╖┬╖┬╖┬╖┬╖┬╖┬╖┬╖┬╖┬╖┬╖┬╖┬╖┬╖┬╖┬╖┬╖┬╖┬╖┬╖┬╖┬╖┬╖┬╖┬╖┬╖┬╖┬╖┬╖┬╖┬╖┬╖`                                                                                                                                                                                                                                                                                                                prettier/prettier
  Line 879:122:  Expected { after 'if' condition                                                                                                                                                                                                                                                                                                                                           curly

src\components\tournaments\homm3\Tournaments.js
  Line 20:12:   'firstStagePairs' is assigned a value but never used. Allowed unused vars must match /^log/u            no-unused-vars
  Line 323:21:  'tournamentStatusResponse' is assigned a value but never used. Allowed unused vars must match /^log/u   no-unused-vars
  Line 377:27:  'userId' is defined but never used. Allowed unused args must match /res|next|^err|^nlapi|define|^log/u  no-unused-vars
  Line 378:57:  Expected { after 'if' condition                                                                         curly
  Line 381:76:  Expected { after 'if' condition                                                                         curly
  Line 415:27:  Expected { after 'if' condition                                                                         curly
  Line 868:95:  Expected { after 'if' condition                                                                         curly
  Line 869:56:  Expected { after 'if' condition                                                                         curly
  Line 870:62:  Expected { after 'if' condition                                                                         curly
  Line 875:67:  Expected { after 'if' condition                                                                         curly
  Line 876:67:  Expected { after 'if' condition                                                                         curly
  Line 877:67:  Expected { after 'if' condition                                                                         curly

src\components\tournaments\tournament_api.js
  Line 1:30:   Replace `_,┬╖playoffsGames,┬╖tournamentPlayoffGamesFinal,┬╖tournamentPlayoffGamesThirdPlace,┬╖playersObj,┬╖maxPlayers` with `тРНтПО┬╖┬╖┬╖┬╖_,тРНтПО┬╖┬╖┬╖┬╖playoffsGames,тРНтПО┬╖┬╖┬╖┬╖tournamentPlayoffGamesFinal,тРНтПО┬╖┬╖┬╖┬╖tournamentPlayoffGamesThirdPlace,тРНтПО┬╖┬╖┬╖┬╖playersObj,тРНтПО┬╖┬╖┬╖┬╖maxPlayersтРНтПО`     prettier/prettier
  Line 72:29:  Replace `playoffsGames,┬╖tournamentPlayoffGamesFinal,┬╖tournamentPlayoffGamesThirdPlace,┬╖shuffledNames,┬╖playersRatings` with `тРНтПО┬╖┬╖┬╖┬╖playoffsGames,тРНтПО┬╖┬╖┬╖┬╖tournamentPlayoffGamesFinal,тРНтПО┬╖┬╖┬╖┬╖tournamentPlayoffGamesThirdPlace,тРНтПО┬╖┬╖┬╖┬╖shuffledNames,тРНтПО┬╖┬╖┬╖┬╖playersRatingsтРНтПО`  prettier/prettier
  Line 76:14:  'getRating' is defined but never used. Allowed unused vars must match /^log/u                                                                                                                                                                                         no-unused-vars

src\store\auth-context.js
  Line 7:13:  'token' is defined but never used. Allowed unused args must match /res|next|^err|^nlapi|define|^log/u  no-unused-vars

Search for the keywords to learn more about each warning.
To ignore, add // eslint-disable-next-line to the line before.

File sizes after gzip:

  230.43 kB (+46 B)  build\static\js\main.b108b72c.js
  42.43 kB           build\static\css\main.c5da8a9a.css

The project was built assuming it is hosted at ./.
You can control this with the homepage field in your package.json.

The build folder is ready to be deployed.

Find out more about deployment here:

  https://cra.link/deployment

